// Jest Snapshot v1, https://goo.gl/fbAQLP

exports[`renders the UI as expected 1`] = `
<div
  className="RegistrationPage"
>
  <h2>
    Welcome!
  </h2>
  <form
    className="RegistrationForm"
    onSubmit={[Function]}
  >
    <div
      role="alert"
    />
    <div>
      <label
        htmlFor="full_name"
      >
        Full name 
      </label>
      <input
        id="fullname"
        name="fullname"
        placeholder="John Hummingbird"
        type="text"
      />
    </div>
    <div>
      <label
        htmlFor="email"
      >
        Email
      </label>
      <input
        id="email"
        name="email"
        placeholder="johnhummingbird@madeup.com"
        type="text"
      />
    </div>
    <div
      className="RegistrationForm-password"
    >
      <label
        htmlFor="password"
      >
        Password
      </label>
      <p>
        (must be longer than 8 characters and contain 1 upper case, lower case, number and special character)
      </p>
      <input
        id="password"
        name="password"
        type="password"
      />
    </div>
    <div>
      <label
        htmlFor="zip"
      >
        Zip code 
      </label>
      <input
        id="zipcode"
        name="zipcode"
        placeholder="97203"
        type="text"
      />
    </div>
    <button
      type="submit"
    >
      Register
    </button>
  </form>
</div>
`;
