// Jest Snapshot v1, https://goo.gl/fbAQLP

exports[`renders the UI as expected 1`] = `
<div
  className="App"
>
  <header
    className="App-header App-row"
  >
    <a
      href="/"
      onClick={[Function]}
    >
      <h1
        className="App-h1"
      >
        natureHood
      </h1>
    </a>
    <nav
      className="Nav"
    >
      <div>
        <a
          aria-current={null}
          href="/login"
          onClick={[Function]}
        >
          Log in
        </a>
        <a
          aria-current={null}
          href="/register"
          onClick={[Function]}
        >
          Register
        </a>
      </div>
    </nav>
  </header>
  <main>
    <div
      className="LandingPage"
    >
      <div
        className="LandingPage-header"
      >
        <h2>
          Connecting You to Nature and Neighbor
        </h2>
      </div>
      <section
        className="LandingPage-first-section"
      >
        <h3>
          See What Wildlife Lives in Your Neighborhood
        </h3>
        <p>
          View your neighborhood's wildlife observations on a map.
        </p>
        <img
          alt="Screenshot of map with markers"
          src="screenshot-1.png"
        />
      </section>
      <section
        className="LandingPage-section"
      >
        <h3>
          Record Your Wildlife Observations
        </h3>
        <p>
          Record your sightings with the species, date spotted, approximate location and a description.
        </p>
        <img
          alt="Screenshot of map in Add Observation page"
          src="screenshot-2.PNG"
        />
      </section>
      <section
        className="LandingPage-section"
      >
        <h3>
          Analyze Your Sightings
        </h3>
        <p>
          See how many mammals, birds, amphibians, anthropods, and fish you can spot!
        </p>
        <img
          alt="Screenshot of map in Add Observation page"
          src="screenshot-3.PNG"
        />
      </section>
      <section
        className="LandingPage-section"
      >
        <h3>
          Start Exploring Your natureHood
        </h3>
        <a
          href="/register"
          onClick={[Function]}
        >
          <button
            type="button"
          >
            Register
          </button>
        </a>
        <br />
        <a
          href="/login"
          onClick={[Function]}
        >
          <button
            type="button"
          >
            Log in
          </button>
        </a>
        <p
          className="LandingPage-instructions"
        >
          For demo purposes, please use the credentials provided on the Login page.
        </p>
      </section>
    </div>
  </main>
  <footer>
    <p>
      Created by Sally Galler
    </p>
  </footer>
</div>
`;
